2026-08-28 00:11:31,571372383 [main] INFO  SocketGLSPServerLauncher - The GLSP server is ready to accept new client requests on port: 38905
2026-08-28 00:11:32,192072743 [DefaultActionDispatcher 1] INFO  DefaultActionDispatcher - Terminating DefaultActionDispatcher thread DefaultActionDispatcher 1
2026-08-28 00:11:32,192348765 [DefaultActionDispatcher 1] INFO  DefaultActionDispatcher - Terminating DefaultActionDispatcher
2026-08-28 00:11:32,253090974 [Thread-9] INFO  SocketGLSPServerLauncher - Starting GLSP server connection for client /127.0.0.1:44920
2026-08-28 00:11:45,830955910 [DefaultActionDispatcher 2] INFO  BPMNGModelFactory - ├── build new GModel Graph...
2026-08-28 00:11:45,832654502 [DefaultActionDispatcher 2] INFO  BPMNGModelFactory - │   ├── add collaboration diagram
2026-08-28 00:11:45,955933352 [DefaultActionDispatcher 2] INFO  BPMNGModelFactory - │   ├── add message flows and associations... 
2026-08-28 00:11:45,967797113 [DefaultActionDispatcher 2] INFO  BPMNGModelFactory - │   ├── auto alignment disabled
2026-08-28 00:11:45,968138769 [DefaultActionDispatcher 2] INFO  BPMNGModelFactory - └── build GModel completed.
2026-08-28 00:12:20,346714868 [DefaultActionDispatcher 2] INFO  BPMNGModelFactory - ├── build new GModel Graph...
2026-08-28 00:12:20,346999499 [DefaultActionDispatcher 2] INFO  BPMNGModelFactory - │   ├── add collaboration diagram
2026-08-28 00:12:20,386433497 [DefaultActionDispatcher 2] INFO  BPMNGModelFactory - │   ├── add message flows and associations... 
2026-08-28 00:12:20,391724636 [DefaultActionDispatcher 2] INFO  BPMNGModelFactory - │   ├── auto alignment disabled
2026-08-28 00:12:20,391988894 [DefaultActionDispatcher 2] INFO  BPMNGModelFactory - └── build GModel completed.
2026-08-28 00:12:36,025042913 [DefaultActionDispatcher 2] INFO  BPMNGModelFactory - ├── build new GModel Graph...
2026-08-28 00:12:36,025877105 [DefaultActionDispatcher 2] INFO  BPMNGModelFactory - │   ├── add collaboration diagram
2026-08-28 00:12:36,080055562 [DefaultActionDispatcher 2] INFO  BPMNGModelFactory - │   ├── add message flows and associations... 
2026-08-28 00:12:36,084679092 [DefaultActionDispatcher 2] INFO  BPMNGModelFactory - │   ├── auto alignment disabled
2026-08-28 00:12:36,084871584 [DefaultActionDispatcher 2] INFO  BPMNGModelFactory - └── build GModel completed.
2026-08-28 00:12:36,398420310 [DefaultActionDispatcher 2] WARN  UndoRedoActionHandler - Cannot undo or redo
2026-08-28 00:15:08,599398950 [DefaultActionDispatcher 3] INFO  BPMNGModelFactory - ├── build new GModel Graph...
2026-08-28 00:15:08,599769093 [DefaultActionDispatcher 3] INFO  BPMNGModelFactory - │   ├── add collaboration diagram
2026-08-28 00:15:08,664896291 [DefaultActionDispatcher 3] INFO  BPMNGModelFactory - │   ├── add message flows and associations... 
2026-08-28 00:15:08,673100568 [DefaultActionDispatcher 3] INFO  BPMNGModelFactory - │   ├── auto alignment disabled
2026-08-28 00:15:08,673307176 [DefaultActionDispatcher 3] INFO  BPMNGModelFactory - └── build GModel completed.
2026-08-28 00:15:34,608044748 [DefaultActionDispatcher 3] INFO  BPMNGModelFactory - ├── build new GModel Graph...
2026-08-28 00:15:34,608354175 [DefaultActionDispatcher 3] INFO  BPMNGModelFactory - │   ├── add collaboration diagram
2026-08-28 00:15:34,646213893 [DefaultActionDispatcher 3] INFO  BPMNGModelFactory - │   ├── add message flows and associations... 
2026-08-28 00:15:34,649285344 [DefaultActionDispatcher 3] INFO  BPMNGModelFactory - │   ├── auto alignment disabled
2026-08-28 00:15:34,649485130 [DefaultActionDispatcher 3] INFO  BPMNGModelFactory - └── build GModel completed.
2026-08-28 00:17:55,971856443 [DefaultActionDispatcher 3] INFO  BPMNGModelFactory - ├── build new GModel Graph...
2026-08-28 00:17:55,972564680 [DefaultActionDispatcher 3] INFO  BPMNGModelFactory - │   ├── add collaboration diagram
2026-08-28 00:17:56,014450879 [DefaultActionDispatcher 3] INFO  BPMNGModelFactory - │   ├── add message flows and associations... 
2026-08-28 00:17:56,018123941 [DefaultActionDispatcher 3] INFO  BPMNGModelFactory - │   ├── auto alignment disabled
2026-08-28 00:17:56,018296877 [DefaultActionDispatcher 3] INFO  BPMNGModelFactory - └── build GModel completed.
2026-08-28 00:17:57,597169449 [DefaultActionDispatcher 3] WARN  UndoRedoActionHandler - Cannot undo or redo
2026-08-28 00:18:44,299563895 [DefaultActionDispatcher 3] INFO  BPMNGModelFactory - ├── build new GModel Graph...
2026-08-28 00:18:44,300235213 [DefaultActionDispatcher 3] INFO  BPMNGModelFactory - │   ├── add collaboration diagram
2026-08-28 00:18:44,328615692 [DefaultActionDispatcher 3] INFO  BPMNGModelFactory - │   ├── add message flows and associations... 
2026-08-28 00:18:44,332152525 [DefaultActionDispatcher 3] INFO  BPMNGModelFactory - │   ├── auto alignment disabled
2026-08-28 00:18:44,332405769 [DefaultActionDispatcher 3] INFO  BPMNGModelFactory - └── build GModel completed.
2026-08-28 00:18:46,680384971 [DefaultActionDispatcher 3] INFO  BPMNGModelFactory - ├── build new GModel Graph...
2026-08-28 00:18:46,680653749 [DefaultActionDispatcher 3] INFO  BPMNGModelFactory - │   ├── add collaboration diagram
2026-08-28 00:18:46,702752502 [DefaultActionDispatcher 3] INFO  BPMNGModelFactory - │   ├── add message flows and associations... 
2026-08-28 00:18:46,705487857 [DefaultActionDispatcher 3] INFO  BPMNGModelFactory - │   ├── auto alignment disabled
2026-08-28 00:18:46,705695128 [DefaultActionDispatcher 3] INFO  BPMNGModelFactory - └── build GModel completed.
2026-08-28 00:19:18,625264718 [DefaultActionDispatcher 3] INFO  BPMNGModelFactory - ├── build new GModel Graph...
2026-08-28 00:19:18,625486058 [DefaultActionDispatcher 3] INFO  BPMNGModelFactory - │   ├── add collaboration diagram
2026-08-28 00:19:18,643906633 [DefaultActionDispatcher 3] INFO  BPMNGModelFactory - │   ├── add message flows and associations... 
2026-08-28 00:19:18,646540965 [DefaultActionDispatcher 3] INFO  BPMNGModelFactory - │   ├── auto alignment disabled
2026-08-28 00:19:18,646736211 [DefaultActionDispatcher 3] INFO  BPMNGModelFactory - └── build GModel completed.
2026-08-28 00:28:31,926881888 [DefaultActionDispatcher 3] WARN  BPMNSourceModelStorage - target uri=file:///home/leticia/2026.2-T02-_G1_ProjetoComercioEletronico_Entrega_01/docs/Base/assets/decathlon-fluxo-pagamento.bpmn
2026-08-28 00:28:32,050627456 [DefaultActionDispatcher 3] INFO  DefaultActionDispatcher - Terminating DefaultActionDispatcher thread DefaultActionDispatcher 3
2026-08-28 00:28:32,050931596 [DefaultActionDispatcher 3] INFO  DefaultActionDispatcher - Terminating DefaultActionDispatcher
2026-08-28 00:28:43,138303720 [DefaultActionDispatcher 2] ERROR DefaultGLSPServer - [ERROR] Could not process message:ActionMessage [action=requestModel, clientId=bpmn-diagram_0]
java.lang.NullPointerException: Cannot invoke "org.eclipse.glsp.graph.GModelRoot.setRevision(int)" because the return value of "org.eclipse.glsp.server.model.GModelState.getRoot()" is null
	at org.eclipse.glsp.server.features.core.model.ModelSubmissionHandler.submitModel(ModelSubmissionHandler.java:121) ~[imixs-open-bpmn.server-1.2.2-SNAPSHOT-glsp.jar:?]
	at org.eclipse.glsp.server.features.core.model.ModelSubmissionHandler.submitModel(ModelSubmissionHandler.java:134) ~[imixs-open-bpmn.server-1.2.2-SNAPSHOT-glsp.jar:?]
	at org.eclipse.glsp.server.features.core.model.ModelSubmissionHandler.submitInitialModel(ModelSubmissionHandler.java:103) ~[imixs-open-bpmn.server-1.2.2-SNAPSHOT-glsp.jar:?]
	at org.eclipse.glsp.server.features.core.model.RequestModelActionHandler.executeAction(RequestModelActionHandler.java:83) ~[imixs-open-bpmn.server-1.2.2-SNAPSHOT-glsp.jar:?]
	at org.eclipse.glsp.server.features.core.model.RequestModelActionHandler.executeAction(RequestModelActionHandler.java:45) ~[imixs-open-bpmn.server-1.2.2-SNAPSHOT-glsp.jar:?]
	at org.eclipse.glsp.server.actions.AbstractActionHandler.execute(AbstractActionHandler.java:53) ~[imixs-open-bpmn.server-1.2.2-SNAPSHOT-glsp.jar:?]
	at org.eclipse.glsp.server.internal.actions.DefaultActionDispatcher.runAction(DefaultActionDispatcher.java:213) ~[imixs-open-bpmn.server-1.2.2-SNAPSHOT-glsp.jar:?]
	at org.eclipse.glsp.server.internal.actions.DefaultActionDispatcher.handleAction(DefaultActionDispatcher.java:191) ~[imixs-open-bpmn.server-1.2.2-SNAPSHOT-glsp.jar:?]
	at org.eclipse.glsp.server.internal.actions.DefaultActionDispatcher.handleNextAction(DefaultActionDispatcher.java:178) ~[imixs-open-bpmn.server-1.2.2-SNAPSHOT-glsp.jar:?]
	at org.eclipse.glsp.server.internal.actions.DefaultActionDispatcher.runThread(DefaultActionDispatcher.java:164) ~[imixs-open-bpmn.server-1.2.2-SNAPSHOT-glsp.jar:?]
	at java.lang.Thread.run(Thread.java:1583) [?:?]
2026-08-28 00:28:43,154980733 [DefaultActionDispatcher 2] INFO  DefaultActionDispatcher - Terminating DefaultActionDispatcher thread DefaultActionDispatcher 2
2026-08-28 00:28:43,155192131 [DefaultActionDispatcher 2] INFO  DefaultActionDispatcher - Terminating DefaultActionDispatcher
2026-08-28 00:38:23,168192090 [DefaultActionDispatcher 4] INFO  BPMNGModelFactory - ├── build new GModel Graph...
2026-08-28 00:38:23,171362086 [DefaultActionDispatcher 4] INFO  BPMNGModelFactory - │   ├── add collaboration diagram
2026-08-28 00:38:23,206170821 [DefaultActionDispatcher 4] INFO  BPMNGModelFactory - │   ├── add message flows and associations... 
2026-08-28 00:38:23,209215562 [DefaultActionDispatcher 4] INFO  BPMNGModelFactory - │   ├── auto alignment disabled
2026-08-28 00:38:23,209377500 [DefaultActionDispatcher 4] INFO  BPMNGModelFactory - └── build GModel completed.
2026-08-28 00:39:51,748342964 [DefaultActionDispatcher 4] ERROR DefaultGLSPServer - [ERROR] Could not process message:ActionMessage [action=computedBounds, clientId=bpmn-diagram_2]
org.eclipse.glsp.server.types.GLSPServerException: Model element not found! ID: zttrp30i
	at org.eclipse.glsp.server.types.GLSPServerException.getOrThrow(GLSPServerException.java:58) ~[imixs-open-bpmn.server-1.2.2-SNAPSHOT-glsp.jar:?]
	at org.eclipse.glsp.server.utils.LayoutUtil.applyBounds(LayoutUtil.java:73) ~[imixs-open-bpmn.server-1.2.2-SNAPSHOT-glsp.jar:?]
	at org.eclipse.glsp.server.utils.LayoutUtil.lambda$applyBounds$0(LayoutUtil.java:60) ~[imixs-open-bpmn.server-1.2.2-SNAPSHOT-glsp.jar:?]
	at java.util.ArrayList.forEach(ArrayList.java:1596) ~[?:?]
	at org.eclipse.glsp.server.utils.LayoutUtil.applyBounds(LayoutUtil.java:60) ~[imixs-open-bpmn.server-1.2.2-SNAPSHOT-glsp.jar:?]
	at org.eclipse.glsp.server.features.core.model.ComputedBoundsActionHandler.executeAction(ComputedBoundsActionHandler.java:47) ~[imixs-open-bpmn.server-1.2.2-SNAPSHOT-glsp.jar:?]
	at org.eclipse.glsp.server.features.core.model.ComputedBoundsActionHandler.executeAction(ComputedBoundsActionHandler.java:33) ~[imixs-open-bpmn.server-1.2.2-SNAPSHOT-glsp.jar:?]
	at org.eclipse.glsp.server.actions.AbstractActionHandler.execute(AbstractActionHandler.java:53) ~[imixs-open-bpmn.server-1.2.2-SNAPSHOT-glsp.jar:?]
	at org.eclipse.glsp.server.internal.actions.DefaultActionDispatcher.runAction(DefaultActionDispatcher.java:213) ~[imixs-open-bpmn.server-1.2.2-SNAPSHOT-glsp.jar:?]
	at org.eclipse.glsp.server.internal.actions.DefaultActionDispatcher.handleAction(DefaultActionDispatcher.java:191) ~[imixs-open-bpmn.server-1.2.2-SNAPSHOT-glsp.jar:?]
	at org.eclipse.glsp.server.internal.actions.DefaultActionDispatcher.handleNextAction(DefaultActionDispatcher.java:178) ~[imixs-open-bpmn.server-1.2.2-SNAPSHOT-glsp.jar:?]
	at org.eclipse.glsp.server.internal.actions.DefaultActionDispatcher.runThread(DefaultActionDispatcher.java:164) ~[imixs-open-bpmn.server-1.2.2-SNAPSHOT-glsp.jar:?]
	at java.lang.Thread.run(Thread.java:1583) [?:?]
Caused by: java.util.NoSuchElementException: No value present
	at java.util.Optional.get(Optional.java:143) ~[?:?]
	at org.eclipse.glsp.server.types.GLSPServerException.getOrThrow(GLSPServerException.java:56) ~[imixs-open-bpmn.server-1.2.2-SNAPSHOT-glsp.jar:?]
	... 12 more
2026-08-28 00:41:56,493825810 [Thread-9] INFO  SocketGLSPServerLauncher - Stopping GLSP server connection for client /127.0.0.1:44920
2026-08-28 00:41:56,511620960 [Thread-9] INFO  DefaultGLSPServer - Shutdown GLSP Server org.eclipse.glsp.server.protocol.DefaultGLSPServer@2c0958ca
2026-08-28 00:41:56,518283550 [DefaultActionDispatcher 4] INFO  DefaultActionDispatcher - Terminating DefaultActionDispatcher thread DefaultActionDispatcher 4
2026-08-28 00:41:56,518605425 [DefaultActionDispatcher 4] INFO  DefaultActionDispatcher - Terminating DefaultActionDispatcher
